
> contabilidad@0.1.0 build
> next build

Ôû▓ Next.js 16.1.6 (Turbopack)
- Environments: .env

  Creating an optimized production build ...
node.exe : 
En línea: 1 
Carácter: 1
+ & "C:\Program Files
\nodejs/node.exe" 
"C:\Program 
Files\nodejs/node_mo 
...
+ ~~~~~~~~~~~~~~~~~~~
~~~~~~~~~~~~~~~~~~~~~
~~~~~~~~~~~~~~~~~~~~~
~~~~~~~~
    + CategoryInfo   
           : NotSpe  
  cified: (:String   
 ) [], RemoteExce    
ption
    + FullyQualified 
   ErrorId : Native  
  CommandError
 
> Build error 
occurred
Error: Turbopack 
build failed with 1 
errors:
./src/components/moda
ls/ExcelUploadModal.t
sx:6:1
Module not found: 
Can't resolve 'xlsx'
[0m [90m 4 |[39m 
[36mimport[39m { 
motion[33m,[39m [3
3mAnimatePresence[39
m } [36mfrom[39m [
32m"framer-motion"[3
9m[33m;[39m
 [90m 5 |[39m 
[36mimport[39m { [
33mX[39m[33m,[39m 
[33mUpload[39m[33m
,[39m [33mFileSprea
dsheet[39m[33m,[39
m [33mCheckCircle2[
39m[33m,[39m [33mA
lertCircle[39m[33m,
[39m [33mLoader2[3
9m[33m,[39m [33mCh
eck[39m[33m,[39m 
[33mAlertTriangle[39
m[33m,[39m 
[33mSquare[39m } 
[36mfrom[39m [32m"
lucide-react"[39m[3
3m;[39m
[31m[1m>[22m[39m
[90m 6 |[39m 
[36mimport[39m 
[33m*[39m 
[36mas[39m 
[33mXLSX[39m 
[36mfrom[39m [32m"
xlsx"[39m[33m;[39m
 [90m   |[39m [31m
[1m^[22m[39m[31m
[1m^[22m[39m[31m[
1m^[22m[39m[31m[1
m^[22m[39m[31m[1m
^[22m[39m[31m[1m^
[22m[39m[31m[1m^
[22m[39m[31m[1m^[
22m[39m[31m[1m^[2
2m[39m[31m[1m^[22
m[39m[31m[1m^[22m
[39m[31m[1m^[22m
[39m[31m[1m^[22m[
39m[31m[1m^[22m[3
9m[31m[1m^[22m[39
m[31m[1m^[22m[39m
[31m[1m^[22m[39m
[31m[1m^[22m[39m[
31m[1m^[22m[39m[3
1m[1m^[22m[39m[31
m[1m^[22m[39m[31m
[1m^[22m[39m[31m
[1m^[22m[39m[31m[
1m^[22m[39m[31m[1
m^[22m[39m[31m[1m
^[22m[39m[31m[1m^
[22m[39m[31m[1m^
[22m[39m[31m[1m^[
22m[39m
 [90m 7 |[39m 
[36mimport[39m { 
[33mButton[39m } 
[36mfrom[39m [32m"
@/components/ui/Butto
n"[39m[33m;[39m
 [90m 8 |[39m 
[36mimport[39m { [
33mRegistroFactura[3
9m } [36mfrom[39m 
[32m"@/types"[39m[3
3m;[39m
 [90m 9 |[39m[0m



Import traces:
  Client Component 
Browser:
    ./src/components/
modals/ExcelUploadMod
al.tsx [Client 
Component Browser]
    ./src/app/revisio
n-factura-dian/page.t
sx [Client Component 
Browser]
    ./src/app/revisio
n-factura-dian/page.t
sx [Server Component]

  Client Component 
SSR:
    ./src/components/
modals/ExcelUploadMod
al.tsx [Client 
Component SSR]
    ./src/app/revisio
n-factura-dian/page.t
sx [Client Component 
SSR]
    ./src/app/revisio
n-factura-dian/page.t
sx [Server Component]

https://nextjs.org/do
cs/messages/module-no
t-found


    at <unknown> (./s
rc/components/modals/
ExcelUploadModal.tsx:
6:1)
    at <unknown> (htt
ps://nextjs.org/docs/
messages/module-not-f
ound)
