node : (node:87612) 
Warning: Setting the N
ODE_TLS_REJECT_UNAUTHO
RIZED environment 
variable to '0' makes 
TLS connections and 
HTTPS requests 
insecure by disabling 
certificate 
verification.
En línea: 1 Carácter: 
1
+ node test-rest.mjs 
2>&1 | Out-File 
-FilePath 
test_output.txt 
-Encodin ...
+ ~~~~~~~~~~~~~~~~~~~~
~~~
    + CategoryInfo    
          : NotSpeci  
  fied: ((node:8761   
 2) Wa...e verific    
ation.:String) []    
, RemoteException
    + FullyQualifiedE 
   rrorId : NativeCo  
  mmandError
 
(Use `node 
--trace-warnings ...` 
to show where the 
warning was created)
Trying SharePoint REST with Graph Token: https://firplaksa.sharepoint.com/sites/FPKContabilidad/_api/web/lists/getbytitle('Registro_de_Facturas')/items(43200)/AttachmentFiles('RAD%20%2093110%20ON%20TIME%20CARGO%20EXPRESS%20RP%20SAS%20OTRP501.pdf')/$value
Status: 401 Unauthorized
Error: {}
